// Vitest Snapshot v1, https://vitest.dev/guide/snapshot.html

exports[`Result > it should match the snapshot 1`] = `
<DocumentFragment>
  <div
    class="layout"
  >
    <div
      class="header"
    >
      <p>
        <b>
          Agile content
        </b>
         Frontend test
      </p>
      <div
        class="header__right"
      >
        <svg
          class="gb_p"
          focusable="false"
          viewBox="0 0 24 24"
        >
          <path
            d="M6,8c1.1,0 2,-0.9 2,-2s-0.9,-2 -2,-2 -2,0.9 -2,2 0.9,2 2,2zM12,20c1.1,0 2,-0.9 2,-2s-0.9,-2 -2,-2 -2,0.9 -2,2 0.9,2 2,2zM6,20c1.1,0 2,-0.9 2,-2s-0.9,-2 -2,-2 -2,0.9 -2,2 0.9,2 2,2zM6,14c1.1,0 2,-0.9 2,-2s-0.9,-2 -2,-2 -2,0.9 -2,2 0.9,2 2,2zM12,14c1.1,0 2,-0.9 2,-2s-0.9,-2 -2,-2 -2,0.9 -2,2 0.9,2 2,2zM16,6c0,1.1 0.9,2 2,2s2,-0.9 2,-2 -0.9,-2 -2,-2 -2,0.9 -2,2zM12,8c1.1,0 2,-0.9 2,-2s-0.9,-2 -2,-2 -2,0.9 -2,2 0.9,2 2,2zM18,14c1.1,0 2,-0.9 2,-2s-0.9,-2 -2,-2 -2,0.9 -2,2 0.9,2 2,2zM18,20c1.1,0 2,-0.9 2,-2s-0.9,-2 -2,-2 -2,0.9 -2,2 0.9,2 2,2z"
          />
        </svg>
        <div
          class="header__user"
        >
          <img
            alt="Profile image"
            src="https://images.unsplash.com/photo-1511367461989-f85a21fda167?ixlib=rb-4.0.3&ixid=MnwxMjA3fDB8MHxwaG90by1wYWdlfHx8fGVufDB8fHx8&auto=format&fit=crop&w=2231&q=80"
          />
        </div>
      </div>
    </div>
    <div
      class="result"
    >
      <button
        class="result__link"
      >
        <div
          class="result__url"
        >
          http://voluminous-ego.com
        </div>
        <h4>
          Japanese common catfish
        </h4>
      </button>
      <div
        class="result__description"
      >
        Cumque fugiat accusamus. Delectus itaque accusantium. Sunt quas quod reprehenderit corrupti cumque necessitatibus porro ad amet. Delectus eveniet quibusdam. Ratione explicabo facere voluptatum perspiciatis blanditiis.
      </div>
    </div>
    <div
      class="footer"
    >
      <p>
        Â© Google 2023
      </p>
      <p>
        version: 0.1.0
      </p>
    </div>
  </div>
</DocumentFragment>
`;
